tig00000176	2584	6198
tig00000176	13633	14703
tig00000176	14778	17984
tig00000176	18254	18954
tig00000176	19345	19864
tig00000147	3210	4060
tig00000147	4306	8565
tig00000147	14186	15480
tig00000147	15557	18793
tig00000147	18955	19763
tig00000147	20203	20723
tig00000843	9408	9928
tig00000843	12873	13777
tig00000843	13954	15133
tig00000843	15577	16475
tig00000512	2195	2822
tig00000512	7766	10515
tig00000512	11374	11894
tig00001933	4807	7942
tig00003013	1263	1783
tig00003013	4576	7755
tig00000412	5013	8564
tig00000412	9662	11027
tig00000412	21386	22242
tig00000412	22660	24703
tig00000412	24717	25297
tig00000735	4144	4682
tig00000735	4811	6531
tig00000735	6556	7813
tig00000735	11502	13535
tig00000554	4842	8326
tig00000554	14380	17254
tig00000335	4863	5730
tig00000335	6644	7152
tig00000335	7247	8904
tig00000335	11092	12166
tig00000335	12884	13512
tig00000335	17334	17854
tig00000335	19833	20904
tig00000493	2699	3219
tig00000493	3552	4069
tig00000493	4320	6910
tig00000493	7235	10052
tig00000493	13594	14830
tig00000325	6037	6553
tig00000325	6579	9382
tig00000325	9708	10226
tig00000325	10261	13415
tig00000325	13556	14863
tig00000325	14993	15622
tig00002097	5043	5563
tig00002097	5756	8730
tig00001197	4282	5670
tig00001197	6239	7263
tig00001197	7289	9499
tig00000265	5858	6378
tig00000265	7109	7977
tig00000265	11054	11574
tig00000265	12134	12643
tig00000265	12660	13226
tig00000265	13252	15462
tig00001007	1608	4116
tig00001007	8565	9280
tig00001007	9506	10023
tig00001007	10348	11028
tig00000923	4133	6621
tig00000923	6796	7314
tig00000923	7468	7979
tig00000923	8491	9207
tig00000701	3779	8710
tig00000170	4727	9579
tig00000170	9622	11441
tig00000170	14465	18500
tig00000170	22609	25366
tig00000170	25579	26094
tig00000170	28855	29587
tig00000170	30147	31293
tig00000170	33616	34136
tig00000170	34447	37481
tig00001324	3322	4618
tig00001324	5022	8223
tig00001140	4949	7674
tig00001140	8040	8908
tig00000402	4170	5037
tig00000402	6773	7290
tig00000402	7493	10622
tig00000402	10944	11812
tig00000223	5884	8392
tig00000223	8534	9271
tig00000223	11760	12280
tig00000223	12591	14855
tig00000223	17559	18629
tig00000223	23210	25242
tig00000223	25367	26324
tig00003142	3265	6357
tig00003142	6393	8363
tig00001638	4953	8040
tig00001638	8526	9046
tig00000528	4753	8892
tig00000528	8900	10284
tig00000528	10487	13965
tig00001052	722	1259
tig00001052	9457	10035
tig00001052	10578	11957
tig00001052	12684	13358
tig00000461	4370	5458
tig00000461	11884	15330
tig00002199	2446	2960
tig00002199	4015	7111
tig00002199	7189	8583
tig00001641	4820	8987
tig00001352	3630	4259
tig00001352	4529	5131
tig00001352	5278	5791
tig00001352	5921	7812
tig00001352	14336	14856
tig00000551	3585	5096
tig00000551	5123	8217
tig00000551	9315	9995
tig00000551	13312	15059
tig00000322	7370	7890
tig00000322	13008	13522
tig00000322	14768	17593
tig00000322	17934	19008
tig00000322	19728	20591
tig00004014	2109	3880
tig00003209	3815	7153
tig00003097	2490	5828
tig00001843	5121	8169
tig00001590	4632	8220
tig00001396	4965	7814
tig00000963	3018	3538
tig00000963	6305	9031
tig00000963	9078	10380
tig00000746	6071	8643
tig00000746	8662	10844
tig00001431	4088	4837
tig00001431	10725	12424
tig00001431	12506	13026
tig00000853	4202	9133
tig00000607	4856	7640
tig00000607	7834	9073
tig00000607	10443	10962
tig00000108	3822	4343
tig00000108	4611	5652
tig00000108	5748	7625
tig00000108	7750	8270
tig00000108	8473	8987
tig00000108	15020	17603
tig00000108	20312	21614
tig00000108	21621	24752
tig00000108	27200	28068
tig00000648	8144	8664
tig00000648	12358	12877
tig00000648	13904	14415
tig00000648	14639	17199
tig00000648	17318	17838
tig00001409	3096	5084
tig00001409	5230	7147
tig00001409	7272	8220
tig00000850	3212	4050
tig00000850	4670	6233
tig00000850	6476	7967
tig00000850	11784	13752
tig00003219	2103	2623
tig00003219	2848	4434
tig00003219	4655	5634
tig00000444	4923	8291
tig00000444	12456	14874
tig00000444	14954	16122
tig00005718	3942	4837
tig00005718	7464	9435
tig00005718	9609	10674
tig00005718	14055	15551
tig00005718	15580	19215
tig00005718	21722	22549
tig00005718	22565	24747
tig00000162	3666	4561
tig00000162	7189	9160
tig00000162	9334	10399
tig00000162	13780	15276
tig00000162	15305	19805
tig00000162	26070	27184
tig00002082	2282	4457
tig00001579	5285	7933
tig00001579	10661	11181
tig00000221	8644	9164
tig00000221	9376	10081
tig00000221	12411	12940
tig00000221	17469	18188
tig00000221	18412	18930
tig00001636	5599	6114
tig00001636	9617	12319
tig00000699	4109	4629
tig00000699	4933	5673
tig00000699	7980	9320
tig00000699	9542	10062
tig00000699	19389	19901
tig00000740	945	4017
tig00000740	6638	7410
tig00000740	7549	10356
tig00000740	10945	11460
tig00000740	12852	13413
tig00000740	13492	14209
tig00000740	14300	15370
tig00001275	1638	2158
tig00001275	5209	6271
tig00001275	6750	7498
tig00001392	4498	5830
tig00001392	9169	9684
tig00002491	2115	2929
tig00002491	5614	7070
tig00000553	7845	8364
tig00000553	8400	8995
tig00000553	9465	11652
tig00000553	11807	12378
tig00000525	1564	3735
tig00000525	7121	8299
tig00000525	8436	9575
tig00000525	10204	10724
tig00000932	4767	7264
tig00000932	8114	8634
tig00000932	11208	12278
tig00001784	4541	5052
tig00001784	5675	6650
tig00001784	6761	9776
tig00000217	0	2969
tig00000217	4754	6417
tig00000217	6478	6998
tig00001110	4071	4591
tig00001110	5535	7564
tig00001807	3505	6191
tig00000012	3979	6382
tig00000012	6935	8527
tig00000012	9088	9608
tig00000012	9957	12930
tig00000012	17144	24072
tig00000012	24212	27669
tig00000012	34517	38795
tig00000012	46985	47502
tig00000012	51467	53872
tig00001028	4573	6192
tig00001028	7346	7853
tig00001028	8244	9675
tig00000796	3438	4431
tig00000796	7601	9596
tig00000796	9736	10696
tig00000134	1066	1579
tig00000134	1781	6902
tig00000134	7495	10928
tig00000134	16212	16842
tig00000134	16859	21566
tig00004536	674	1187
tig00004536	1387	7555
tig00001334	5496	7937
tig00001334	8530	13682
tig00002686	3564	4084
tig00002686	4959	8120
tig00002080	4849	5386
